
> rundi-ai@0.1.0 build
> next build

Γû▓ Next.js 16.1.5 (Turbopack)

  Creating an optimized production build ...
